[2025-04-11T13:39:07Z DEBUG dagrs::node::node] alloc id NodeId(1) for "root"
[2025-04-11T13:39:07Z DEBUG dagrs::graph::graph] Add node NodeId(1) to concrete & abstract graph
[2025-04-11T13:39:07Z DEBUG dagrs::node::node] alloc id NodeId(2) for "node0"
[2025-04-11T13:39:07Z DEBUG dagrs::graph::graph] Add node NodeId(2) to concrete & abstract graph
[2025-04-11T13:39:07Z DEBUG dagrs::graph::abstract_graph] Adding edge from NodeId(2) to NodeId(1)
[2025-04-11T13:39:07Z DEBUG dagrs::node::node] alloc id NodeId(3) for "node1"
[2025-04-11T13:39:07Z DEBUG dagrs::graph::graph] Add node NodeId(3) to concrete & abstract graph
[2025-04-11T13:39:07Z DEBUG dagrs::graph::abstract_graph] Adding edge from NodeId(3) to NodeId(1)
[2025-04-11T13:39:07Z DEBUG dagrs::node::node] alloc id NodeId(4) for "node2"
[2025-04-11T13:39:07Z DEBUG dagrs::graph::graph] Add node NodeId(4) to concrete & abstract graph
[2025-04-11T13:39:07Z DEBUG dagrs::graph::abstract_graph] Adding edge from NodeId(4) to NodeId(1)
[2025-04-11T13:39:07Z DEBUG dagrs::node::node] alloc id NodeId(5) for "node3"
[2025-04-11T13:39:07Z DEBUG dagrs::graph::graph] Add node NodeId(5) to concrete & abstract graph
[2025-04-11T13:39:07Z DEBUG dagrs::graph::abstract_graph] Adding edge from NodeId(5) to NodeId(1)
[2025-04-11T13:39:07Z DEBUG dagrs::node::node] alloc id NodeId(6) for "node4"
[2025-04-11T13:39:07Z DEBUG dagrs::graph::graph] Add node NodeId(6) to concrete & abstract graph
[2025-04-11T13:39:07Z DEBUG dagrs::graph::abstract_graph] Adding edge from NodeId(6) to NodeId(1)
[2025-04-11T13:39:07Z DEBUG dagrs::node::node] alloc id NodeId(7) for "node5"
[2025-04-11T13:39:07Z DEBUG dagrs::graph::graph] Add node NodeId(7) to concrete & abstract graph
[2025-04-11T13:39:07Z DEBUG dagrs::graph::abstract_graph] Adding edge from NodeId(7) to NodeId(1)
[2025-04-11T13:39:07Z DEBUG dagrs::node::node] alloc id NodeId(8) for "node6"
[2025-04-11T13:39:07Z DEBUG dagrs::graph::graph] Add node NodeId(8) to concrete & abstract graph
[2025-04-11T13:39:07Z DEBUG dagrs::graph::abstract_graph] Adding edge from NodeId(8) to NodeId(1)
[2025-04-11T13:39:07Z DEBUG dagrs::node::node] alloc id NodeId(9) for "node7"
[2025-04-11T13:39:07Z DEBUG dagrs::graph::graph] Add node NodeId(9) to concrete & abstract graph
[2025-04-11T13:39:07Z DEBUG dagrs::graph::abstract_graph] Adding edge from NodeId(9) to NodeId(1)
[2025-04-11T13:39:07Z DEBUG dagrs::node::node] alloc id NodeId(10) for "node8"
[2025-04-11T13:39:07Z DEBUG dagrs::graph::graph] Add node NodeId(10) to concrete & abstract graph
[2025-04-11T13:39:07Z DEBUG dagrs::graph::abstract_graph] Adding edge from NodeId(10) to NodeId(1)
[2025-04-11T13:39:07Z DEBUG dagrs::node::node] alloc id NodeId(11) for "node9"
[2025-04-11T13:39:07Z DEBUG dagrs::graph::graph] Add node NodeId(11) to concrete & abstract graph
[2025-04-11T13:39:07Z DEBUG dagrs::graph::abstract_graph] Adding edge from NodeId(11) to NodeId(1)
[2025-04-11T13:39:07Z DEBUG dagrs::graph::abstract_graph] Visiting node: NodeId(2)
[2025-04-11T13:39:07Z DEBUG dagrs::graph::abstract_graph] Visiting node: NodeId(4)
[2025-04-11T13:39:07Z DEBUG dagrs::graph::abstract_graph] Visiting node: NodeId(9)
[2025-04-11T13:39:07Z DEBUG dagrs::graph::abstract_graph] Visiting node: NodeId(5)
[2025-04-11T13:39:07Z DEBUG dagrs::graph::abstract_graph] Visiting node: NodeId(7)
[2025-04-11T13:39:07Z DEBUG dagrs::graph::abstract_graph] Visiting node: NodeId(11)
[2025-04-11T13:39:07Z DEBUG dagrs::graph::abstract_graph] Visiting node: NodeId(3)
[2025-04-11T13:39:07Z DEBUG dagrs::graph::abstract_graph] Visiting node: NodeId(8)
[2025-04-11T13:39:07Z DEBUG dagrs::graph::abstract_graph] Visiting node: NodeId(10)
[2025-04-11T13:39:07Z DEBUG dagrs::graph::abstract_graph] Visiting node: NodeId(6)
[2025-04-11T13:39:07Z DEBUG dagrs::graph::abstract_graph] Visiting node: NodeId(1)
[2025-04-11T13:39:07Z DEBUG dagrs::graph::abstract_graph] Visited count: 11, Size: 11
[2025-04-11T13:39:07Z INFO  dagrs::graph::graph] Split the graph into blocks: [{NodeId(9), NodeId(4), NodeId(7), NodeId(8), NodeId(3), NodeId(10), NodeId(5), NodeId(11), NodeId(1), NodeId(2), NodeId(6)}]
[2025-04-11T13:39:07Z DEBUG dagrs::graph::graph] Running node7
[2025-04-11T13:39:07Z DEBUG dagrs::graph::graph] Running node8
[2025-04-11T13:39:07Z DEBUG minist_bench::dagrs] Class 7 training...
[2025-04-11T13:39:07Z DEBUG dagrs::graph::graph] Running node4
[2025-04-11T13:39:07Z DEBUG minist_bench::dagrs] Class 8 training...
[2025-04-11T13:39:07Z DEBUG minist_bench::dagrs] Class 4 training...
[2025-04-11T13:39:07Z DEBUG dagrs::graph::graph] Running node1
[2025-04-11T13:39:07Z DEBUG dagrs::graph::graph] Running node9
[2025-04-11T13:39:07Z DEBUG minist_bench::dagrs] Class 9 training...
[2025-04-11T13:39:07Z DEBUG dagrs::graph::graph] Running node3
[2025-04-11T13:39:07Z DEBUG minist_bench::dagrs] Class 3 training...
[2025-04-11T13:39:07Z DEBUG dagrs::graph::graph] Running node5
[2025-04-11T13:39:07Z DEBUG dagrs::graph::graph] Running node6
[2025-04-11T13:39:07Z DEBUG dagrs::graph::graph] Running node0
[2025-04-11T13:39:07Z DEBUG dagrs::graph::graph] Running root
[2025-04-11T13:39:07Z DEBUG minist_bench::dagrs] Class 1 training...
[2025-04-11T13:39:07Z DEBUG dagrs::graph::graph] Running node2
[2025-04-11T13:39:07Z DEBUG minist_bench::dagrs] Class 5 training...
[2025-04-11T13:39:07Z DEBUG minist_bench::dagrs] Class 6 training...
[2025-04-11T13:39:07Z DEBUG minist_bench::dagrs] Class 0 training...
[2025-04-11T13:39:07Z DEBUG minist_bench::dagrs] Class 2 training...
[2025-04-11T13:39:44Z DEBUG dagrs::graph::graph] Execution succeed [name: node9, id: 11]
[2025-04-11T13:44:45Z DEBUG dagrs::graph::graph] Execution succeed [name: node6, id: 8]
[2025-04-11T13:50:17Z DEBUG dagrs::graph::graph] Execution succeed [name: node5, id: 7]
[2025-04-11T13:51:56Z DEBUG dagrs::graph::graph] Execution succeed [name: node0, id: 2]
[2025-04-11T13:52:18Z DEBUG dagrs::graph::graph] Execution succeed [name: node2, id: 4]
[2025-04-11T13:52:53Z DEBUG dagrs::graph::graph] Execution succeed [name: node8, id: 10]
[2025-04-11T13:52:54Z DEBUG dagrs::graph::graph] Execution succeed [name: node1, id: 3]
[2025-04-11T13:53:04Z DEBUG dagrs::graph::graph] Execution succeed [name: node4, id: 6]
[2025-04-11T13:53:23Z DEBUG dagrs::graph::graph] Execution succeed [name: node7, id: 9]
[2025-04-11T13:53:31Z DEBUG dagrs::graph::graph] Execution succeed [name: node3, id: 5]
[2025-04-11T13:53:34Z DEBUG dagrs::graph::graph] Execution succeed [name: root, id: 1]
[2025-04-11T13:53:34Z INFO  minist_bench::dagrs] train acc: 83.68%
    
    test acc: 82.38%
    
    
[2025-04-11T13:53:34Z INFO  minist_bench::dagrs] train acc: 83.68%
    
    test acc: 82.38%
    
    
time cost 866s
